Γû▓ Next.js 16.1.6 (Turbopack)
- Environments: .env
- Experiments (use with caution):
  ┬╖ optimizePackageImports
  ┬╖ serverActions
  ┬╖ staleTimes

  Creating an optimized production build ...
node.exe : 
At line:1 char:1
+ & "C:\Program Files\nodejs/node.exe" 
"C:\Program Files\nodejs/node_mo ...
+ ~~~~~~~~~~~~~~~~~~~~~~~~~~~~~~~~~~~~~~~~~~~~~~~
~~~~~~~~~~~~~~~~~~~~~~
    + CategoryInfo          : NotSpecified: (:   
 String) [], RemoteException
    + FullyQualifiedErrorId : NativeCommandErr   
 or
 
> Build error occurred
Error: Turbopack build failed with 1 errors:
./lib/cloudinary.ts:1:1
Module not found: Can't resolve 'cloudinary'
[0m[31m[1m>[22m[39m[90m 1 |[39m 
[36mimport[39m { v2 [36mas[39m cloudinary } 
[36mfrom[39m [32m"cloudinary"[39m[33m;[39m
 [90m   |[39m [31m[1m^[22m[39m[31m[1m^[2
2m[39m[31m[1m^[22m[39m[31m[1m^[22m[39m[
31m[1m^[22m[39m[31m[1m^[22m[39m[31m[1m^
[22m[39m[31m[1m^[22m[39m[31m[1m^[22m[39m
[31m[1m^[22m[39m[31m[1m^[22m[39m[31m[1m
^[22m[39m[31m[1m^[22m[39m[31m[1m^[22m[3
9m[31m[1m^[22m[39m[31m[1m^[22m[39m[31m[
1m^[22m[39m[31m[1m^[22m[39m[31m[1m^[22m
[39m[31m[1m^[22m[39m[31m[1m^[22m[39m[31m
[1m^[22m[39m[31m[1m^[22m[39m[31m[1m^[22
m[39m[31m[1m^[22m[39m[31m[1m^[22m[39m[3
1m[1m^[22m[39m[31m[1m^[22m[39m[31m[1m^[
22m[39m[31m[1m^[22m[39m[31m[1m^[22m[39m
[31m[1m^[22m[39m[31m[1m^[22m[39m[31m[1m^
[22m[39m[31m[1m^[22m[39m[31m[1m^[22m[39
m[31m[1m^[22m[39m[31m[1m^[22m[39m[31m[1
m^[22m[39m[31m[1m^[22m[39m[31m[1m^[22m[
39m[31m[1m^[22m[39m[31m[1m^[22m[39m[31m
[1m^[22m[39m[31m[1m^[22m[39m[31m[1m^[22m
[39m
 [90m 2 |[39m
 [90m 3 |[39m cloudinary[33m.[39mconfig({
 [90m 4 |[39m   cloud_name[33m:[39m process[
33m.[39menv[33m.[39m[33mCLOUDINARY_CLOUD_NAME
[39m[33m![39m[33m,[39m[0m



Import trace:
  App Route:
    ./lib/cloudinary.ts
    ./app/api/student/upload/route.ts

https://nextjs.org/docs/messages/module-not-found


    at <unknown> (./lib/cloudinary.ts:1:1)
    at <unknown> (https://nextjs.org/docs/message
s/module-not-found)
